// Jest Snapshot v1, https://jestjs.io/docs/snapshot-testing

exports[`matches snapshot 1`] = `
<div>
  <div
    class="user-card flex my-4 p-3 border rounded-lg border-gray-600 bg-[#1A1A1A] shadow-md shadow-[rgba(255,255,255,0.3)]"
    data-testid="user-card"
  >
    <div
      class="w-[50%]"
    >
      <p
        class="text-amber-200 text-[18px] mb-1"
      >
        Owner
      </p>
      <p>
        Name: 
        Leanne Graham
      </p>
      <p>
        Email: 
        Sincere@april.biz
      </p>
    </div>
    <div
      class="w-[50%]"
    >
      <p
        class="text-amber-200 text-[18px] mb-1"
      >
        Company
      </p>
      <p>
        City: 
        Gwenborough
      </p>
      <p>
        Name: 
        Romaguera-Crona
      </p>
    </div>
  </div>
</div>
`;
